// Jest Snapshot v1, https://goo.gl/fbAQLP

exports[`Testion Component CatalogHeader SNAPSHOT Component header catalog 1`] = `
ShallowWrapper {
  Symbol(enzyme.__root__): [Circular],
  Symbol(enzyme.__unrendered__): <CatalogHeader
    basketFoods={
      Array [
        Object {
          "count": 3,
          "id": 1,
        },
        Object {
          "count": 1,
          "id": 2,
        },
      ]
    }
    foods={
      Array [
        Object {
          "category": "pizza",
          "description": "Пищевая ценность продукта на 100 г",
          "id": 1,
          "image": "https://dodopizza-a.akamaihd.net/static/Img/Products/Pizza/ru-RU/49c9bd34-f725-400d-bca5-81e6c8bacc76.jpg",
          "ingredients": Array [
            Object {
              "main_ingredient": true,
              "name": "Томатный соус",
            },
          ],
          "name": "Жар-Баран",
          "price": 845,
        },
        Object {
          "category": "pizza",
          "description": "Пищевая ценность продукта на 100 г",
          "id": 2,
          "image": "https://dodopizza-a.akamaihd.net/static/Img/Products/Pizza/ru-RU/49c9bd34-f725-400d-bca5-81e6c8bacc76.jpg",
          "ingredients": Array [
            Object {
              "main_ingredient": true,
              "name": "Томатный соус",
            },
          ],
          "name": "Сырный",
          "price": 845,
        },
      ]
    }
  />,
  Symbol(enzyme.__renderer__): Object {
    "batchedUpdates": [Function],
    "getNode": [Function],
    "render": [Function],
    "simulateError": [Function],
    "simulateEvent": [Function],
    "unmount": [Function],
  },
  Symbol(enzyme.__node__): Object {
    "instance": null,
    "key": undefined,
    "nodeType": "host",
    "props": Object {
      "children": Array [
        <a
          className="logo"
          href="/"
        >
          <img
            src="https://dodopizza-a.akamaihd.net/site-static/dist/custom/8dbd4d5523ca05b07470.svg"
          />
        </a>,
        <div
          className="menu"
        >
          <a
            className="item-menu"
            href="#pizza"
          >
            Пицца
          </a>
          <a
            className="item-menu"
            href="#snacks"
          >
            Закуски
          </a>
          <a
            className="item-menu"
            href="#desserts"
          >
            Десерты
          </a>
          <a
            className="item-menu"
            href="#drink"
          >
            Напитки
          </a>
        </div>,
        <Link
          className="btn__button"
          replace={false}
          to="/basket"
        >
          Корзина
        </Link>,
        <div
          className="short-info"
        >
          <div
            className="short-info_total-price"
          >
            3380
             ₽
          </div>
          <div
            className="short-info__count"
          >
            4
             товаров
          </div>
        </div>,
      ],
    },
    "ref": null,
    "rendered": Array [
      Object {
        "instance": null,
        "key": undefined,
        "nodeType": "host",
        "props": Object {
          "children": <img
            src="https://dodopizza-a.akamaihd.net/site-static/dist/custom/8dbd4d5523ca05b07470.svg"
          />,
          "className": "logo",
          "href": "/",
        },
        "ref": null,
        "rendered": Object {
          "instance": null,
          "key": undefined,
          "nodeType": "host",
          "props": Object {
            "src": "https://dodopizza-a.akamaihd.net/site-static/dist/custom/8dbd4d5523ca05b07470.svg",
          },
          "ref": null,
          "rendered": null,
          "type": "img",
        },
        "type": "a",
      },
      Object {
        "instance": null,
        "key": undefined,
        "nodeType": "host",
        "props": Object {
          "children": Array [
            <a
              className="item-menu"
              href="#pizza"
            >
              Пицца
            </a>,
            <a
              className="item-menu"
              href="#snacks"
            >
              Закуски
            </a>,
            <a
              className="item-menu"
              href="#desserts"
            >
              Десерты
            </a>,
            <a
              className="item-menu"
              href="#drink"
            >
              Напитки
            </a>,
          ],
          "className": "menu",
        },
        "ref": null,
        "rendered": Array [
          Object {
            "instance": null,
            "key": undefined,
            "nodeType": "host",
            "props": Object {
              "children": "Пицца",
              "className": "item-menu",
              "href": "#pizza",
            },
            "ref": null,
            "rendered": "Пицца",
            "type": "a",
          },
          Object {
            "instance": null,
            "key": undefined,
            "nodeType": "host",
            "props": Object {
              "children": "Закуски",
              "className": "item-menu",
              "href": "#snacks",
            },
            "ref": null,
            "rendered": "Закуски",
            "type": "a",
          },
          Object {
            "instance": null,
            "key": undefined,
            "nodeType": "host",
            "props": Object {
              "children": "Десерты",
              "className": "item-menu",
              "href": "#desserts",
            },
            "ref": null,
            "rendered": "Десерты",
            "type": "a",
          },
          Object {
            "instance": null,
            "key": undefined,
            "nodeType": "host",
            "props": Object {
              "children": "Напитки",
              "className": "item-menu",
              "href": "#drink",
            },
            "ref": null,
            "rendered": "Напитки",
            "type": "a",
          },
        ],
        "type": "div",
      },
      Object {
        "instance": null,
        "key": undefined,
        "nodeType": "class",
        "props": Object {
          "children": "Корзина",
          "className": "btn__button",
          "onClick": undefined,
          "replace": false,
          "to": "/basket",
        },
        "ref": null,
        "rendered": "Корзина",
        "type": [Function],
      },
      Object {
        "instance": null,
        "key": undefined,
        "nodeType": "host",
        "props": Object {
          "children": Array [
            <div
              className="short-info_total-price"
            >
              3380
               ₽
            </div>,
            <div
              className="short-info__count"
            >
              4
               товаров
            </div>,
          ],
          "className": "short-info",
          "onClick": undefined,
        },
        "ref": null,
        "rendered": Array [
          Object {
            "instance": null,
            "key": undefined,
            "nodeType": "host",
            "props": Object {
              "children": Array [
                3380,
                " ₽",
              ],
              "className": "short-info_total-price",
            },
            "ref": null,
            "rendered": Array [
              3380,
              " ₽",
            ],
            "type": "div",
          },
          Object {
            "instance": null,
            "key": undefined,
            "nodeType": "host",
            "props": Object {
              "children": Array [
                4,
                " товаров",
              ],
              "className": "short-info__count",
            },
            "ref": null,
            "rendered": Array [
              4,
              " товаров",
            ],
            "type": "div",
          },
        ],
        "type": "div",
      },
    ],
    "type": "header",
  },
  Symbol(enzyme.__nodes__): Array [
    Object {
      "instance": null,
      "key": undefined,
      "nodeType": "host",
      "props": Object {
        "children": Array [
          <a
            className="logo"
            href="/"
          >
            <img
              src="https://dodopizza-a.akamaihd.net/site-static/dist/custom/8dbd4d5523ca05b07470.svg"
            />
          </a>,
          <div
            className="menu"
          >
            <a
              className="item-menu"
              href="#pizza"
            >
              Пицца
            </a>
            <a
              className="item-menu"
              href="#snacks"
            >
              Закуски
            </a>
            <a
              className="item-menu"
              href="#desserts"
            >
              Десерты
            </a>
            <a
              className="item-menu"
              href="#drink"
            >
              Напитки
            </a>
          </div>,
          <Link
            className="btn__button"
            replace={false}
            to="/basket"
          >
            Корзина
          </Link>,
          <div
            className="short-info"
          >
            <div
              className="short-info_total-price"
            >
              3380
               ₽
            </div>
            <div
              className="short-info__count"
            >
              4
               товаров
            </div>
          </div>,
        ],
      },
      "ref": null,
      "rendered": Array [
        Object {
          "instance": null,
          "key": undefined,
          "nodeType": "host",
          "props": Object {
            "children": <img
              src="https://dodopizza-a.akamaihd.net/site-static/dist/custom/8dbd4d5523ca05b07470.svg"
            />,
            "className": "logo",
            "href": "/",
          },
          "ref": null,
          "rendered": Object {
            "instance": null,
            "key": undefined,
            "nodeType": "host",
            "props": Object {
              "src": "https://dodopizza-a.akamaihd.net/site-static/dist/custom/8dbd4d5523ca05b07470.svg",
            },
            "ref": null,
            "rendered": null,
            "type": "img",
          },
          "type": "a",
        },
        Object {
          "instance": null,
          "key": undefined,
          "nodeType": "host",
          "props": Object {
            "children": Array [
              <a
                className="item-menu"
                href="#pizza"
              >
                Пицца
              </a>,
              <a
                className="item-menu"
                href="#snacks"
              >
                Закуски
              </a>,
              <a
                className="item-menu"
                href="#desserts"
              >
                Десерты
              </a>,
              <a
                className="item-menu"
                href="#drink"
              >
                Напитки
              </a>,
            ],
            "className": "menu",
          },
          "ref": null,
          "rendered": Array [
            Object {
              "instance": null,
              "key": undefined,
              "nodeType": "host",
              "props": Object {
                "children": "Пицца",
                "className": "item-menu",
                "href": "#pizza",
              },
              "ref": null,
              "rendered": "Пицца",
              "type": "a",
            },
            Object {
              "instance": null,
              "key": undefined,
              "nodeType": "host",
              "props": Object {
                "children": "Закуски",
                "className": "item-menu",
                "href": "#snacks",
              },
              "ref": null,
              "rendered": "Закуски",
              "type": "a",
            },
            Object {
              "instance": null,
              "key": undefined,
              "nodeType": "host",
              "props": Object {
                "children": "Десерты",
                "className": "item-menu",
                "href": "#desserts",
              },
              "ref": null,
              "rendered": "Десерты",
              "type": "a",
            },
            Object {
              "instance": null,
              "key": undefined,
              "nodeType": "host",
              "props": Object {
                "children": "Напитки",
                "className": "item-menu",
                "href": "#drink",
              },
              "ref": null,
              "rendered": "Напитки",
              "type": "a",
            },
          ],
          "type": "div",
        },
        Object {
          "instance": null,
          "key": undefined,
          "nodeType": "class",
          "props": Object {
            "children": "Корзина",
            "className": "btn__button",
            "onClick": undefined,
            "replace": false,
            "to": "/basket",
          },
          "ref": null,
          "rendered": "Корзина",
          "type": [Function],
        },
        Object {
          "instance": null,
          "key": undefined,
          "nodeType": "host",
          "props": Object {
            "children": Array [
              <div
                className="short-info_total-price"
              >
                3380
                 ₽
              </div>,
              <div
                className="short-info__count"
              >
                4
                 товаров
              </div>,
            ],
            "className": "short-info",
            "onClick": undefined,
          },
          "ref": null,
          "rendered": Array [
            Object {
              "instance": null,
              "key": undefined,
              "nodeType": "host",
              "props": Object {
                "children": Array [
                  3380,
                  " ₽",
                ],
                "className": "short-info_total-price",
              },
              "ref": null,
              "rendered": Array [
                3380,
                " ₽",
              ],
              "type": "div",
            },
            Object {
              "instance": null,
              "key": undefined,
              "nodeType": "host",
              "props": Object {
                "children": Array [
                  4,
                  " товаров",
                ],
                "className": "short-info__count",
              },
              "ref": null,
              "rendered": Array [
                4,
                " товаров",
              ],
              "type": "div",
            },
          ],
          "type": "div",
        },
      ],
      "type": "header",
    },
  ],
  Symbol(enzyme.__options__): Object {
    "adapter": ReactSixteenAdapter {
      "options": Object {
        "enableComponentDidUpdateOnSetState": true,
        "lifecycles": Object {
          "componentDidUpdate": Object {
            "onSetState": true,
          },
          "getDerivedStateFromProps": true,
          "getSnapshotBeforeUpdate": true,
          "setState": Object {
            "skipsComponentDidUpdateOnNullish": true,
          },
        },
      },
    },
  },
}
`;
